2026-09-13 11:15:02 [main] INFO  c.s.s.StudentPortalBackendApplication - Starting StudentPortalBackendApplication using Java 26.0.2 with PID 8423 (/media/nihad/HDD223/Java-Learning/student-portal-backend/build/classes/java/main started by nihad in /media/nihad/HDD223/Java-Learning/student-portal-backend)
2026-09-13 11:15:02 [main] DEBUG c.s.s.StudentPortalBackendApplication - Running with Spring Boot v4.1.0, Spring v7.0.8
2026-09-13 11:15:02 [main] INFO  c.s.s.StudentPortalBackendApplication - No active profile set, falling back to 1 default profile: "default"
2026-09-13 11:15:02 [background-preinit] INFO  o.h.validator.internal.util.Version - HV000001: Hibernate Validator 9.1.0.Final
2026-09-13 11:15:03 [main] INFO  o.s.d.r.c.RepositoryConfigurationDelegate - Bootstrapping Spring Data JPA repositories in DEFAULT mode.
2026-09-13 11:15:03 [main] INFO  o.s.d.r.c.RepositoryConfigurationDelegate - Finished Spring Data repository scanning in 43 ms. Found 1 JPA repository interface.
2026-09-13 11:15:04 [main] INFO  o.s.boot.tomcat.TomcatWebServer - Tomcat initialized with port 8080 (http)
2026-09-13 11:15:04 [main] INFO  o.a.coyote.http11.Http11NioProtocol - Initializing ProtocolHandler ["http-nio-8080"]
2026-09-13 11:15:04 [main] INFO  o.a.catalina.core.StandardService - Starting service [Tomcat]
2026-09-13 11:15:04 [main] INFO  o.a.catalina.core.StandardEngine - Starting Servlet engine: [Apache Tomcat/11.0.22]
2026-09-13 11:15:04 [main] INFO  o.s.b.w.c.s.WebApplicationContextInitializer - Root WebApplicationContext: initialization completed in 1340 ms
2026-09-13 11:15:04 [main] INFO  com.zaxxer.hikari.HikariDataSource - HikariPool-1 - Starting...
2026-09-13 11:15:04 [main] INFO  com.zaxxer.hikari.pool.HikariPool - HikariPool-1 - Added connection org.postgresql.jdbc.PgConnection@11e17893
2026-09-13 11:15:04 [main] INFO  com.zaxxer.hikari.HikariDataSource - HikariPool-1 - Start completed.
2026-09-13 11:15:04 [main] INFO  liquibase.database - Set default schema name to public
2026-09-13 11:15:05 [main] INFO  liquibase.changelog - Reading resource: db/changelog/changes/0001-create-users-table.yaml
2026-09-13 11:15:06 [main] INFO  liquibase.changelog - Reading from public.databasechangelog
2026-09-13 11:15:06 [main] INFO  liquibase.ui - Database is up to date, no changesets to execute
2026-09-13 11:15:06 [main] INFO  liquibase.changelog - Reading from public.databasechangelog
2026-09-13 11:15:06 [main] INFO  liquibase.util - UPDATE SUMMARY
2026-09-13 11:15:06 [main] INFO  liquibase.util - Run:                          0
2026-09-13 11:15:06 [main] INFO  liquibase.util - Previously run:               1
2026-09-13 11:15:06 [main] INFO  liquibase.util - Filtered out:                 0
2026-09-13 11:15:06 [main] INFO  liquibase.util - -------------------------------
2026-09-13 11:15:06 [main] INFO  liquibase.util - Total change sets:            1
2026-09-13 11:15:06 [main] INFO  liquibase.util - Update summary generated
2026-09-13 11:15:06 [main] INFO  liquibase.command - Command execution complete
2026-09-13 11:15:06 [main] INFO  org.hibernate.orm.jpa - HHH008540: Processing PersistenceUnitInfo [name: default]
2026-09-13 11:15:06 [main] INFO  org.hibernate.orm.core - HHH000001: Hibernate ORM core version 7.4.1.Final
2026-09-13 11:15:06 [main] INFO  o.s.o.j.p.SpringPersistenceUnitInfo - No LoadTimeWeaver setup: ignoring JPA class transformer
2026-09-13 11:15:06 [main] INFO  o.hibernate.orm.connections.pooling - HHH10001005: Database info:
	Database JDBC URL [jdbc:postgresql://localhost:5432/student_portal]
	Database driver: PostgreSQL JDBC Driver
	Database dialect: PostgreSQLDialect
	Database version: 18.6
	Default catalog/schema: student_portal/public
	Autocommit mode: undefined/unknown
	Isolation level: READ_COMMITTED [default READ_COMMITTED]
	JDBC fetch size: none
	Pool: DataSourceConnectionProvider
	Minimum pool size: undefined/unknown
	Maximum pool size: undefined/unknown
2026-09-13 11:15:07 [main] INFO  org.hibernate.orm.core - HHH000489: No JTA platform available (set 'hibernate.transaction.jta.platform' to enable JTA platform integration)
2026-09-13 11:15:07 [main] INFO  o.s.o.j.LocalContainerEntityManagerFactoryBean - Initialized JPA EntityManagerFactory for persistence unit 'default'
2026-09-13 11:15:07 [main] INFO  o.s.d.j.r.q.QueryEnhancerFactories - Hibernate is in classpath; If applicable, HQL parser will be used.
2026-09-13 11:15:07 [main] DEBUG c.s.s.s.JwtAuthenticationFilter - Filter 'jwtAuthenticationFilter' configured for use
2026-09-13 11:15:07 [main] INFO  o.s.s.c.a.a.c.InitializeAuthenticationProviderBeanManagerConfigurer$InitializeAuthenticationProviderManagerConfigurer - Global AuthenticationManager configured with AuthenticationProvider bean with name authenticationProvider
2026-09-13 11:15:07 [main] WARN  o.s.s.c.a.a.c.InitializeUserDetailsBeanManagerConfigurer$InitializeUserDetailsManagerConfigurer - Global AuthenticationManager configured with an AuthenticationProvider bean. UserDetailsService beans will not be used by Spring Security for automatically configuring username/password login. Consider removing the AuthenticationProvider bean. Alternatively, consider using the UserDetailsService in a manually instantiated DaoAuthenticationProvider. If the current configuration is intentional, to turn off this warning, increase the logging level of 'org.springframework.security.config.annotation.authentication.configuration.InitializeUserDetailsBeanManagerConfigurer' to ERROR
2026-09-13 11:15:07 [main] WARN  o.s.b.j.a.JpaBaseConfiguration$JpaWebConfiguration - spring.jpa.open-in-view is enabled by default. Therefore, database queries may be performed during view rendering. Explicitly configure spring.jpa.open-in-view to disable this warning
2026-09-13 11:15:08 [main] INFO  o.a.coyote.http11.Http11NioProtocol - Starting ProtocolHandler ["http-nio-8080"]
2026-09-13 11:15:08 [main] INFO  o.s.boot.tomcat.TomcatWebServer - Tomcat started on port 8080 (http) with context path '/'
2026-09-13 11:15:08 [main] INFO  c.s.s.StudentPortalBackendApplication - Started StudentPortalBackendApplication in 5.818 seconds (process running for 6.136)
2026-09-13 11:15:16 [SpringApplicationShutdownHook] INFO  o.s.boot.tomcat.GracefulShutdown - Commencing graceful shutdown. Waiting for active requests to complete
2026-09-13 11:15:16 [tomcat-shutdown] INFO  o.s.boot.tomcat.GracefulShutdown - Graceful shutdown complete
2026-09-13 11:15:16 [SpringApplicationShutdownHook] INFO  o.s.o.j.LocalContainerEntityManagerFactoryBean - Closing JPA EntityManagerFactory for persistence unit 'default'
2026-09-13 11:15:16 [SpringApplicationShutdownHook] INFO  com.zaxxer.hikari.HikariDataSource - HikariPool-1 - Shutdown initiated...
2026-09-13 11:15:16 [SpringApplicationShutdownHook] INFO  com.zaxxer.hikari.HikariDataSource - HikariPool-1 - Shutdown completed.
